
[2026-01-11 23:04:56] local.ERROR: Uncaught PDOException: SQLSTATE[42S22]: Column not found: 1054 Unknown column 'key' in 'where clause' in /Applications/MAMP/htdocs/shulesoft/school-ms/vendor/laravel/framework/src/Illuminate/Database/Connection.php:592
Stack trace:
#0 /Applications/MAMP/htdocs/shulesoft/school-ms/vendor/laravel/framework/src/Illuminate/Database/Connection.php(592): PDO->prepare('update `configs...')
#1 /Applications/MAMP/htdocs/shulesoft/school-ms/vendor/laravel/framework/src/Illuminate/Database/Connection.php(812): Illuminate\Database\Connection->{closure:Illuminate\Database\Connection::affectingStatement():584}('update `configs...', Array)
#2 /Applications/MAMP/htdocs/shulesoft/school-ms/vendor/laravel/framework/src/Illuminate/Database/Connection.php(779): Illuminate\Database\Connection->runQueryCallback('update `configs...', Array, Object(Closure))
#3 /Applications/MAMP/htdocs/shulesoft/school-ms/vendor/laravel/framework/src/Illuminate/Database/Connection.php(584): Illuminate\Database\Connection->run('update `configs...', Array, Object(Closure))
#4 /Applications/MAMP/htdocs/shulesoft/school-ms/vendor/laravel/framework/src/Illuminate/Database/Connection.php(536): Illuminate\Database\Connection->affectingStatement('update `configs...', Array)
#5 /Applications/MAMP/htdocs/shulesoft/school-ms/vendor/laravel/framework/src/Illuminate/Database/Query/Builder.php(3830): Illuminate\Database\Connection->update('update `configs...', Array)
#6 Command line code(6): Illuminate\Database\Query\Builder->update(Object(Illuminate\Support\Collection))
#7 {main}

Next Illuminate\Database\QueryException: SQLSTATE[42S22]: Column not found: 1054 Unknown column 'key' in 'where clause' (Connection: mysql, SQL: update `configs` set `value` = SkulSoft where `key` = general.app_name) in /Applications/MAMP/htdocs/shulesoft/school-ms/vendor/laravel/framework/src/Illuminate/Database/Connection.php:825
Stack trace:
#0 /Applications/MAMP/htdocs/shulesoft/school-ms/vendor/laravel/framework/src/Illuminate/Database/Connection.php(779): Illuminate\Database\Connection->runQueryCallback('update `configs...', Array, Object(Closure))
#1 /Applications/MAMP/htdocs/shulesoft/school-ms/vendor/laravel/framework/src/Illuminate/Database/Connection.php(584): Illuminate\Database\Connection->run('update `configs...', Array, Object(Closure))
#2 /Applications/MAMP/htdocs/shulesoft/school-ms/vendor/laravel/framework/src/Illuminate/Database/Connection.php(536): Illuminate\Database\Connection->affectingStatement('update `configs...', Array)
#3 /Applications/MAMP/htdocs/shulesoft/school-ms/vendor/laravel/framework/src/Illuminate/Database/Query/Builder.php(3830): Illuminate\Database\Connection->update('update `configs...', Array)
#4 Command line code(6): Illuminate\Database\Query\Builder->update(Object(Illuminate\Support\Collection))
#5 {main}
  thrown {"user":null,"url":"GET http://localhost:8000","exception":"[object] (Symfony\\Component\\ErrorHandler\\Error\\FatalError(code: 0): Uncaught PDOException: SQLSTATE[42S22]: Column not found: 1054 Unknown column 'key' in 'where clause' in /Applications/MAMP/htdocs/shulesoft/school-ms/vendor/laravel/framework/src/Illuminate/Database/Connection.php:592
Stack trace:
#0 /Applications/MAMP/htdocs/shulesoft/school-ms/vendor/laravel/framework/src/Illuminate/Database/Connection.php(592): PDO->prepare('update `configs...')
#1 /Applications/MAMP/htdocs/shulesoft/school-ms/vendor/laravel/framework/src/Illuminate/Database/Connection.php(812): Illuminate\\Database\\Connection->{closure:Illuminate\\Database\\Connection::affectingStatement():584}('update `configs...', Array)
#2 /Applications/MAMP/htdocs/shulesoft/school-ms/vendor/laravel/framework/src/Illuminate/Database/Connection.php(779): Illuminate\\Database\\Connection->runQueryCallback('update `configs...', Array, Object(Closure))
#3 /Applications/MAMP/htdocs/shulesoft/school-ms/vendor/laravel/framework/src/Illuminate/Database/Connection.php(584): Illuminate\\Database\\Connection->run('update `configs...', Array, Object(Closure))
#4 /Applications/MAMP/htdocs/shulesoft/school-ms/vendor/laravel/framework/src/Illuminate/Database/Connection.php(536): Illuminate\\Database\\Connection->affectingStatement('update `configs...', Array)
#5 /Applications/MAMP/htdocs/shulesoft/school-ms/vendor/laravel/framework/src/Illuminate/Database/Query/Builder.php(3830): Illuminate\\Database\\Connection->update('update `configs...', Array)
#6 Command line code(6): Illuminate\\Database\\Query\\Builder->update(Object(Illuminate\\Support\\Collection))
#7 {main}

Next Illuminate\\Database\\QueryException: SQLSTATE[42S22]: Column not found: 1054 Unknown column 'key' in 'where clause' (Connection: mysql, SQL: update `configs` set `value` = SkulSoft where `key` = general.app_name) in /Applications/MAMP/htdocs/shulesoft/school-ms/vendor/laravel/framework/src/Illuminate/Database/Connection.php:825
Stack trace:
#0 /Applications/MAMP/htdocs/shulesoft/school-ms/vendor/laravel/framework/src/Illuminate/Database/Connection.php(779): Illuminate\\Database\\Connection->runQueryCallback('update `configs...', Array, Object(Closure))
#1 /Applications/MAMP/htdocs/shulesoft/school-ms/vendor/laravel/framework/src/Illuminate/Database/Connection.php(584): Illuminate\\Database\\Connection->run('update `configs...', Array, Object(Closure))
#2 /Applications/MAMP/htdocs/shulesoft/school-ms/vendor/laravel/framework/src/Illuminate/Database/Connection.php(536): Illuminate\\Database\\Connection->affectingStatement('update `configs...', Array)
#3 /Applications/MAMP/htdocs/shulesoft/school-ms/vendor/laravel/framework/src/Illuminate/Database/Query/Builder.php(3830): Illuminate\\Database\\Connection->update('update `configs...', Array)
#4 Command line code(6): Illuminate\\Database\\Query\\Builder->update(Object(Illuminate\\Support\\Collection))
#5 {main}
  thrown at /Applications/MAMP/htdocs/shulesoft/school-ms/vendor/laravel/framework/src/Illuminate/Database/Connection.php:825)
[stacktrace]
#0 {main}
"} 
[2026-03-21 10:24:09] local.ERROR: SQLSTATE[HY000] [2002] Connection refused (Connection: mysql, SQL: select `value`, `name` from `configs` where `team_id` is null or `team_id` = 1) {"user":null,"url":"GET http://127.0.0.1:8002","exception":"[object] (Illuminate\\Database\\QueryException(code: 2002): SQLSTATE[HY000] [2002] Connection refused (Connection: mysql, SQL: select `value`, `name` from `configs` where `team_id` is null or `team_id` = 1) at /home/runner/work/skulsoft/skulsoft/vendor/laravel/framework/src/Illuminate/Database/Connection.php:825)
[stacktrace]
#0 /home/runner/work/skulsoft/skulsoft/vendor/laravel/framework/src/Illuminate/Database/Connection.php(979): Illuminate\\Database\\Connection->runQueryCallback()
#1 /home/runner/work/skulsoft/skulsoft/vendor/laravel/framework/src/Illuminate/Database/Connection.php(958): Illuminate\\Database\\Connection->tryAgainIfCausedByLostConnection()
#2 /home/runner/work/skulsoft/skulsoft/vendor/laravel/framework/src/Illuminate/Database/Connection.php(781): Illuminate\\Database\\Connection->handleQueryException()
#3 /home/runner/work/skulsoft/skulsoft/vendor/laravel/framework/src/Illuminate/Database/Connection.php(398): Illuminate\\Database\\Connection->run()
#4 /home/runner/work/skulsoft/skulsoft/vendor/laravel/framework/src/Illuminate/Database/Query/Builder.php(3106): Illuminate\\Database\\Connection->select()
#5 /home/runner/work/skulsoft/skulsoft/vendor/laravel/framework/src/Illuminate/Database/Query/Builder.php(3362): Illuminate\\Database\\Query\\Builder->runSelect()
#6 /home/runner/work/skulsoft/skulsoft/vendor/laravel/framework/src/Illuminate/Database/Query/Builder.php(3676): Illuminate\\Database\\Query\\Builder->Illuminate\\Database\\Query\\{closure}()
#7 /home/runner/work/skulsoft/skulsoft/vendor/laravel/framework/src/Illuminate/Database/Query/Builder.php(3358): Illuminate\\Database\\Query\\Builder->onceWithColumns()
#8 /home/runner/work/skulsoft/skulsoft/vendor/laravel/framework/src/Illuminate/Database/Eloquent/Builder.php(991): Illuminate\\Database\\Query\\Builder->pluck()
#9 /home/runner/work/skulsoft/skulsoft/app/Models/Config/Config.php(77): Illuminate\\Database\\Eloquent\\Builder->pluck()
#10 /home/runner/work/skulsoft/skulsoft/vendor/laravel/framework/src/Illuminate/Cache/Repository.php(427): App\\Models\\Config\\Config::App\\Models\\Config\\{closure}()
#11 /home/runner/work/skulsoft/skulsoft/vendor/laravel/framework/src/Illuminate/Cache/CacheManager.php(453): Illuminate\\Cache\\Repository->remember()
#12 /home/runner/work/skulsoft/skulsoft/app/Models/Config/Config.php(71): Illuminate\\Cache\\CacheManager->__call()
#13 /home/runner/work/skulsoft/skulsoft/app/Support/SetConfig.php(25): App\\Models\\Config\\Config::listAll()
#14 /home/runner/work/skulsoft/skulsoft/routes/channels.php(19): App\\Support\\SetConfig->set()
#15 /home/runner/work/skulsoft/skulsoft/app/Providers/BroadcastServiceProvider.php(19): require('...')
#16 /home/runner/work/skulsoft/skulsoft/vendor/laravel/framework/src/Illuminate/Container/BoundMethod.php(36): App\\Providers\\BroadcastServiceProvider->boot()
#17 /home/runner/work/skulsoft/skulsoft/vendor/laravel/framework/src/Illuminate/Container/Util.php(43): Illuminate\\Container\\BoundMethod::Illuminate\\Container\\{closure}()
#18 /home/runner/work/skulsoft/skulsoft/vendor/laravel/framework/src/Illuminate/Container/BoundMethod.php(95): Illuminate\\Container\\Util::unwrapIfClosure()
#19 /home/runner/work/skulsoft/skulsoft/vendor/laravel/framework/src/Illuminate/Container/BoundMethod.php(35): Illuminate\\Container\\BoundMethod::callBoundMethod()
#20 /home/runner/work/skulsoft/skulsoft/vendor/laravel/framework/src/Illuminate/Container/Container.php(696): Illuminate\\Container\\BoundMethod::call()
#21 /home/runner/work/skulsoft/skulsoft/vendor/laravel/framework/src/Illuminate/Foundation/Application.php(1151): Illuminate\\Container\\Container->call()
#22 /home/runner/work/skulsoft/skulsoft/vendor/laravel/framework/src/Illuminate/Foundation/Application.php(1132): Illuminate\\Foundation\\Application->bootProvider()
#23 [internal function]: Illuminate\\Foundation\\Application->Illuminate\\Foundation\\{closure}()
#24 /home/runner/work/skulsoft/skulsoft/vendor/laravel/framework/src/Illuminate/Foundation/Application.php(1131): array_walk()
#25 /home/runner/work/skulsoft/skulsoft/vendor/laravel/framework/src/Illuminate/Foundation/Bootstrap/BootProviders.php(17): Illuminate\\Foundation\\Application->boot()
#26 /home/runner/work/skulsoft/skulsoft/vendor/laravel/framework/src/Illuminate/Foundation/Application.php(342): Illuminate\\Foundation\\Bootstrap\\BootProviders->bootstrap()
#27 /home/runner/work/skulsoft/skulsoft/vendor/laravel/framework/src/Illuminate/Foundation/Console/Kernel.php(474): Illuminate\\Foundation\\Application->bootstrapWith()
#28 /home/runner/work/skulsoft/skulsoft/vendor/laravel/framework/src/Illuminate/Foundation/Console/Kernel.php(196): Illuminate\\Foundation\\Console\\Kernel->bootstrap()
#29 /home/runner/work/skulsoft/skulsoft/artisan(35): Illuminate\\Foundation\\Console\\Kernel->handle()
#30 {main}

[previous exception] [object] (PDOException(code: 2002): SQLSTATE[HY000] [2002] Connection refused at /home/runner/work/skulsoft/skulsoft/vendor/laravel/framework/src/Illuminate/Database/Connectors/Connector.php:66)
[stacktrace]
#0 /home/runner/work/skulsoft/skulsoft/vendor/laravel/framework/src/Illuminate/Database/Connectors/Connector.php(66): PDO->__construct()
#1 /home/runner/work/skulsoft/skulsoft/vendor/laravel/framework/src/Illuminate/Database/Connectors/Connector.php(85): Illuminate\\Database\\Connectors\\Connector->createPdoConnection()
#2 /home/runner/work/skulsoft/skulsoft/vendor/laravel/framework/src/Illuminate/Database/Connectors/Connector.php(48): Illuminate\\Database\\Connectors\\Connector->tryAgainIfCausedByLostConnection()
#3 /home/runner/work/skulsoft/skulsoft/vendor/laravel/framework/src/Illuminate/Database/Connectors/MySqlConnector.php(24): Illuminate\\Database\\Connectors\\Connector->createConnection()
#4 /home/runner/work/skulsoft/skulsoft/vendor/laravel/framework/src/Illuminate/Database/Connectors/ConnectionFactory.php(185): Illuminate\\Database\\Connectors\\MySqlConnector->connect()
#5 [internal function]: Illuminate\\Database\\Connectors\\ConnectionFactory->Illuminate\\Database\\Connectors\\{closure}()
#6 /home/runner/work/skulsoft/skulsoft/vendor/laravel/framework/src/Illuminate/Database/Connection.php(1231): call_user_func()
#7 /home/runner/work/skulsoft/skulsoft/vendor/laravel/framework/src/Illuminate/Database/Connection.php(1267): Illuminate\\Database\\Connection->getPdo()
#8 /home/runner/work/skulsoft/skulsoft/vendor/laravel/framework/src/Illuminate/Database/Connection.php(512): Illuminate\\Database\\Connection->getReadPdo()
#9 /home/runner/work/skulsoft/skulsoft/vendor/laravel/framework/src/Illuminate/Database/Connection.php(407): Illuminate\\Database\\Connection->getPdoForSelect()
#10 /home/runner/work/skulsoft/skulsoft/vendor/laravel/framework/src/Illuminate/Database/Connection.php(812): Illuminate\\Database\\Connection->Illuminate\\Database\\{closure}()
#11 /home/runner/work/skulsoft/skulsoft/vendor/laravel/framework/src/Illuminate/Database/Connection.php(979): Illuminate\\Database\\Connection->runQueryCallback()
#12 /home/runner/work/skulsoft/skulsoft/vendor/laravel/framework/src/Illuminate/Database/Connection.php(958): Illuminate\\Database\\Connection->tryAgainIfCausedByLostConnection()
#13 /home/runner/work/skulsoft/skulsoft/vendor/laravel/framework/src/Illuminate/Database/Connection.php(781): Illuminate\\Database\\Connection->handleQueryException()
#14 /home/runner/work/skulsoft/skulsoft/vendor/laravel/framework/src/Illuminate/Database/Connection.php(398): Illuminate\\Database\\Connection->run()
#15 /home/runner/work/skulsoft/skulsoft/vendor/laravel/framework/src/Illuminate/Database/Query/Builder.php(3106): Illuminate\\Database\\Connection->select()
#16 /home/runner/work/skulsoft/skulsoft/vendor/laravel/framework/src/Illuminate/Database/Query/Builder.php(3362): Illuminate\\Database\\Query\\Builder->runSelect()
#17 /home/runner/work/skulsoft/skulsoft/vendor/laravel/framework/src/Illuminate/Database/Query/Builder.php(3676): Illuminate\\Database\\Query\\Builder->Illuminate\\Database\\Query\\{closure}()
#18 /home/runner/work/skulsoft/skulsoft/vendor/laravel/framework/src/Illuminate/Database/Query/Builder.php(3358): Illuminate\\Database\\Query\\Builder->onceWithColumns()
#19 /home/runner/work/skulsoft/skulsoft/vendor/laravel/framework/src/Illuminate/Database/Eloquent/Builder.php(991): Illuminate\\Database\\Query\\Builder->pluck()
#20 /home/runner/work/skulsoft/skulsoft/app/Models/Config/Config.php(77): Illuminate\\Database\\Eloquent\\Builder->pluck()
#21 /home/runner/work/skulsoft/skulsoft/vendor/laravel/framework/src/Illuminate/Cache/Repository.php(427): App\\Models\\Config\\Config::App\\Models\\Config\\{closure}()
#22 /home/runner/work/skulsoft/skulsoft/vendor/laravel/framework/src/Illuminate/Cache/CacheManager.php(453): Illuminate\\Cache\\Repository->remember()
#23 /home/runner/work/skulsoft/skulsoft/app/Models/Config/Config.php(71): Illuminate\\Cache\\CacheManager->__call()
#24 /home/runner/work/skulsoft/skulsoft/app/Support/SetConfig.php(25): App\\Models\\Config\\Config::listAll()
#25 /home/runner/work/skulsoft/skulsoft/routes/channels.php(19): App\\Support\\SetConfig->set()
#26 /home/runner/work/skulsoft/skulsoft/app/Providers/BroadcastServiceProvider.php(19): require('...')
#27 /home/runner/work/skulsoft/skulsoft/vendor/laravel/framework/src/Illuminate/Container/BoundMethod.php(36): App\\Providers\\BroadcastServiceProvider->boot()
#28 /home/runner/work/skulsoft/skulsoft/vendor/laravel/framework/src/Illuminate/Container/Util.php(43): Illuminate\\Container\\BoundMethod::Illuminate\\Container\\{closure}()
#29 /home/runner/work/skulsoft/skulsoft/vendor/laravel/framework/src/Illuminate/Container/BoundMethod.php(95): Illuminate\\Container\\Util::unwrapIfClosure()
#30 /home/runner/work/skulsoft/skulsoft/vendor/laravel/framework/src/Illuminate/Container/BoundMethod.php(35): Illuminate\\Container\\BoundMethod::callBoundMethod()
#31 /home/runner/work/skulsoft/skulsoft/vendor/laravel/framework/src/Illuminate/Container/Container.php(696): Illuminate\\Container\\BoundMethod::call()
#32 /home/runner/work/skulsoft/skulsoft/vendor/laravel/framework/src/Illuminate/Foundation/Application.php(1151): Illuminate\\Container\\Container->call()
#33 /home/runner/work/skulsoft/skulsoft/vendor/laravel/framework/src/Illuminate/Foundation/Application.php(1132): Illuminate\\Foundation\\Application->bootProvider()
#34 [internal function]: Illuminate\\Foundation\\Application->Illuminate\\Foundation\\{closure}()
#35 /home/runner/work/skulsoft/skulsoft/vendor/laravel/framework/src/Illuminate/Foundation/Application.php(1131): array_walk()
#36 /home/runner/work/skulsoft/skulsoft/vendor/laravel/framework/src/Illuminate/Foundation/Bootstrap/BootProviders.php(17): Illuminate\\Foundation\\Application->boot()
#37 /home/runner/work/skulsoft/skulsoft/vendor/laravel/framework/src/Illuminate/Foundation/Application.php(342): Illuminate\\Foundation\\Bootstrap\\BootProviders->bootstrap()
#38 /home/runner/work/skulsoft/skulsoft/vendor/laravel/framework/src/Illuminate/Foundation/Console/Kernel.php(474): Illuminate\\Foundation\\Application->bootstrapWith()
#39 /home/runner/work/skulsoft/skulsoft/vendor/laravel/framework/src/Illuminate/Foundation/Console/Kernel.php(196): Illuminate\\Foundation\\Console\\Kernel->bootstrap()
#40 /home/runner/work/skulsoft/skulsoft/artisan(35): Illuminate\\Foundation\\Console\\Kernel->handle()
#41 {main}
"} 
